// Jest Snapshot v1, https://goo.gl/fbAQLP

exports[`should render <GifCard /> 1`] = `
<div
  className="w-95 m-auto font-size-small"
>
  <div
    className="d-flex flex-column bg-white shadow gif-card-fixed-height"
  >
    <div
      className="d-flex flex-grow-1 mx-auto overflow-hidden"
    >
      <img
        alt="title"
        className="img-fluid gif-card-max-height p-2 cursor-pointer align-self-center fit-contain hover-scale transition-eio-3"
        onClick={[Function]}
        src="https://www.gif.fixed_height.webp"
      />
    </div>
    <div
      className="d-flex justify-content-between px-1 mb-1"
    >
      <span
        className="cursor-pointer text-black-50 text-hover-royalblue"
      >
        <i
          className="bi bi-paperclip"
        />
      </span>
      <div>
        <span
          className="me-3 cursor-pointer text-black-50 text-hover-royalblue"
          onClick={[Function]}
        >
          <i
            className="bi bi-eye-fill"
          >
            10000
          </i>
        </span>
        <span
          className="me-3 cursor-pointer text-black-50 text-hover-royalblue"
        >
          <i
            className="bi bi-chat-quote-fill"
          >
            100
          </i>
        </span>
        <span
          className="pe-1 cursor-pointer text-black-50 text-hover-royalblue"
        >
          <i
            className="bi bi-heart-fill"
          >
            1000
          </i>
        </span>
      </div>
    </div>
  </div>
  <div
    className="mt-2 ms-2"
  >
    <a
      className="text-decoration-none fw-bold cl-royalblue"
      href="https://www.author.profile.url"
      rel="noreferrer"
      target="_blank"
    >
      <img
        alt="giphy author image"
        className="max-height-1rem rounded-circle me-1"
        src="https://www.author.avatar.url"
      />
      username
    </a>
  </div>
</div>
`;
